QString::fromLocal8Bit gettext 
QString::fromLocal8Bit gettext toLatin1 
toStringList value begin end push_back toInt 
begin end push_back QString::number setValue 
listView setPixmap _ menu_get_prompt setPixmap setPixmap QIcon setPixmap QIcon setText QString::fromLocal8Bit sym_get_type sym_is_changable setPixmap QIcon setText setText setText sym_get_tristate_value sym_is_choice_value setPixmap setPixmap setText setPixmap setText sym_is_choice_value setPixmap setPixmap setText setText sym_tristate_within_range setText sym_tristate_within_range setText sym_tristate_within_range setText QChar sym_get_string_value setText arg arg QString arg arg QString sym_has_value _ setText 
sym_calc_value updateMenu listView updateMenu 
listView setExpanded sym_calc_value updateMenu 
connect SIGNAL editingFinished SLOT hide 
sym_get_string_value setText QString::fromLocal8Bit sym_get_string_value setText Parent::show setFocus 
key sym_set_string_value toLatin1 text updateList parent Parent::keyPressEvent accept setFocus parent hide 
setObjectName setSortingEnabled setRootIsDecorated setVerticalScrollMode setHorizontalScrollMode setHeaderLabels QStringList _ _ _ beginGroup toBool value toBool value toBool value toInt value endGroup connect SIGNAL aboutToQuit SLOT saveSettings addColumn reinit 
menu_is_visible menu_has_prompt 
removeColumn removeColumn removeColumn removeColumn removeColumn addColumn addColumn addColumn addColumn addColumn updateListAll 
isEmpty objectName beginGroup objectName setValue setValue setValue setValue endGroup 
listView 
count selectedItems first selectedItems 
testUpdateMenu menu_is_visible topLevelItem nextSibling firstChild testUpdateMenu updateMenuList update resizeColumnToContents updateMenuList update resizeColumnToContents 
sym_get_type sym_get_tristate_value sym_set_tristate_value setExpanded updateList parent 
setExpanded isExpanded sym_get_type sym_get_tristate_value sym_toggle_tristate_value setExpanded isExpanded setExpanded updateList parent show parent 
updateMenuList updateListAll currentItem setSelected currentItem hasFocus scrollToItem currentItem 
setRootMenu menu_get_parent_menu setCurrentItem scrollToItem 
childCount takeChild firstChild nextSibling firstChild menu_is_visible menuSkip testUpdateMenu updateMenuList updateMenuList firstChild nextSibling nextSibling 
topLevelItemCount takeTopLevelItem topLevelItem nextSibling topLevelItem menu_is_visible menuSkip testUpdateMenu updateMenuList updateMenuList topLevelItem nextSibling nextSibling 
currentItem key accept Parent::keyPressEvent key changeValue setValue setValue setValue Parent::keyPressEvent accept 
Parent::mousePressEvent 
pos itemAt offset header x logicalIndexAt header pixmap isNull sectionPosition header x visualRect indexAt width first availableSizes changeValue setValue setValue setValue changeValue Parent::mouseReleaseEvent 
Parent::mouseMoveEvent 
pos itemAt changeValue Parent::mouseDoubleClickEvent 
Parent::focusInEvent currentItem setSelected 
y bottom geometry header _ setCheckable connect SIGNAL toggled parent SLOT setShowName connect parent SIGNAL showNameChanged SLOT setOn setChecked addAction _ setCheckable connect SIGNAL toggled parent SLOT setShowRange connect parent SIGNAL showRangeChanged SLOT setOn setChecked addAction _ setCheckable connect SIGNAL toggled parent SLOT setShowData connect parent SIGNAL showDataChanged SLOT setOn setChecked addAction exec globalPos accept ignore 
setObjectName setContentsMargins addWidget hide addWidget 
updateListAll 
reinit 
reinit 
reinit 
setExpanded 
updateList 
updateListAll 
setObjectName isEmpty objectName beginGroup objectName toBool value endGroup connect SIGNAL aboutToQuit SLOT saveSettings 
isEmpty objectName beginGroup objectName setValue showDebug endGroup 
menuInfo symbolInfo 
clear menuInfo 
print_filter print_filter sym_get_string_value debug_info setText 
print_filter _ showDebug sprintf QString print_filter showDebug showDebug sprintf QString print_filter showDebug showDebug debug_info str_new menu_get_ext_help print_filter str_get str_free print_filter _ showDebug expr_print showDebug sprintf QString setText 
print_filter sym_type_name sym_is_choice expr_print sprintf QString print_filter _ prop_get_type_name expr_print sym_is_choice expr_print prop_get_type_name expr_print 
indexOf toLatin1 replace replace replace replace replace 
print_filter sprintf QString 
Parent::createStandardContextMenu _ setCheckable connect SIGNAL toggled SLOT setShowDebug connect SIGNAL showDebugChanged SLOT setOn setChecked showDebug addSeparator addAction 
Parent::contextMenuEvent 
setObjectName setWindowTitle setContentsMargins setSpacing setContentsMargins setSpacing addWidget _ connect SIGNAL returnPressed SLOT search addWidget _ setAutoDefault connect SIGNAL clicked SLOT search addWidget addLayout setOrientation addWidget beginGroup toInt value width toInt value height resize value value isValid isValid move toInt toInt readSizes setSizes endGroup connect SIGNAL aboutToQuit SLOT saveSettings 
isEmpty objectName beginGroup objectName setValue x pos setValue y pos setValue width size setValue height size writeSizes sizes endGroup 
free clear clear sym_re_search toLatin1 text for_all_prompts menu_is_visible 
desktop snprintf setWindowTitle toInt value width toInt value height resize value value isValid isValid move toInt toInt setOrientation setCentralWidget setOrientation setTabOrder setFocus menuBar addToolBar QPixmap _ connect SIGNAL triggered SLOT goBack setEnabled _ setShortcut connect SIGNAL triggered SLOT close QPixmap _ setShortcut connect SIGNAL triggered SLOT loadConfig QPixmap _ setShortcut connect SIGNAL triggered SLOT saveConfig conf_set_changed_callback conf_changed _ connect SIGNAL triggered SLOT saveConfigAs _ setShortcut connect SIGNAL triggered SLOT searchConfig QPixmap _ setCheckable connect SIGNAL triggered SLOT showSingleView QPixmap _ setCheckable connect SIGNAL triggered SLOT showSplitView QPixmap _ setCheckable connect SIGNAL triggered SLOT showFullView _ setCheckable connect SIGNAL toggled SLOT setShowName setChecked showName _ setCheckable connect SIGNAL toggled SLOT setShowRange _ setCheckable connect SIGNAL toggled SLOT setShowData setExclusive _ _ _ setCheckable setCheckable setCheckable _ setCheckable connect SIGNAL toggled SLOT setShowDebug setChecked showDebug _ connect SIGNAL triggered SLOT showIntro _ connect SIGNAL triggered SLOT showAbout addAction addSeparator addAction addAction addSeparator addAction addAction addAction addMenu _ addAction addAction addAction addSeparator addAction addMenu _ addAction addMenu _ addAction addAction addAction addSeparator addActions actions addSeparator addSeparator addMenu _ addAction addAction connect SIGNAL parentSelected SLOT goBack toString value showSingleView showFullView showSplitView readSizes setSizes readSizes setSizes 
QFileDialog::getOpenFileName conf_get_configname isNull conf_read QFile::encodeName QMessageBox::information _ ConfigView::updateListAll 
conf_write QMessageBox::information _ 
QFileDialog::getSaveFileName conf_get_configname isNull saveConfig 
show 
setRootMenu setEnabled setEnabled 
menuSkip menu_get_parent_menu setRootMenu setRootMenu clearSelection menu_get_parent_menu findConfigItem setSelected scrollToItem setRootMenu findConfigItem setSelected scrollToItem setFocus 
clearSelection 
setParentMenu setEnabled count selectedItems first selectedItems setSelected setSelected parent 
setEnabled setChecked setEnabled setChecked setEnabled setChecked hide setRootMenu updateListAll setRootMenu setFocus 
setEnabled setChecked setEnabled setChecked setEnabled setChecked updateListAll setRootMenu setAllOpen processEvents setRootMenu setAllOpen show setFocus 
setEnabled setChecked setEnabled setChecked setEnabled setChecked hide setRootMenu updateListAll setRootMenu setFocus 
conf_get_changed accept _ setButtonText _ setButtonText _ setButtonText _ exec saveConfig accept ignore accept ignore 
_ QMessageBox::information 
_ QMessageBox::information 
setValue x pos setValue y pos setValue width size setValue height size setValue writeSizes sizes writeSizes sizes 
setEnabled conf_get_changed 
fixup_rootmenu fixup_rootmenu 
printf constData toLatin1 _ exit 
bindtextdomain textdomain conf_set_message_callback usage usage conf_parse fixup_rootmenu conf_read beginGroup connect SIGNAL lastWindowClosed SLOT quit connect SIGNAL aboutToQuit SLOT saveSettings show exec endGroup 
auth_domain_put kfree 
kmalloc strlen strlen 
make_auth_domain_name svcauth_gss_register_pseudoflavor IS_ERR PTR_ERR gss_mech_free 
gss_mech_svc_setup spin_lock list_add_rcu spin_unlock dprintk 
spin_lock list_del_rcu spin_unlock dprintk gss_mech_free 
__module_get 
rcu_read_lock strcmp try_module_get rcu_read_unlock 
_gss_mech_get_by_name request_module _gss_mech_get_by_name 
sprint_oid request_module rcu_read_lock memcmp try_module_get rcu_read_unlock trace_rpcgss_oid_to_mech 
rcu_read_lock mech_supports_pseudoflavor try_module_get rcu_read_unlock 
_gss_mech_get_by_pseudoflavor request_module _gss_mech_get_by_pseudoflavor 
gss_mech_get_by_OID gss_svc_to_pseudoflavor gss_mech_put 
gss_mech_get_by_pseudoflavor memcpy gss_mech_put gss_mech_put 
module_put 
kzalloc gss_mech_get gss_import_sec_context 
gss_get_mic 
gss_verify_mic 
gss_wrap 
gss_unwrap 
dprintk gss_delete_sec_context gss_mech_put kfree 
dma_write dma_read 
omap_readl omap_writel 
dma_omap1 BUG omap_readl omap_writel 
dma_read dma_write dma_read dma_write dma_read dma_write dma_write dma_write 
dma_omap15xx dma_read dma_write 
dma_read dma_write dma_read dma_write dma_write dma_write dma_write 
dma_read dma_write 
dma_read BUG dma_write 
dma_read dma_write dma_read dma_write dma_write dma_write dma_write 
dma_read dma_write 
dma_read BUG dma_write 
dma_read dma_write 
dma_read dma_write 
dma_read omap_disable_channel_irq dma_write 
WARN strcmp spin_lock_irqsave spin_unlock_irqrestore clear_lch_regs spin_unlock_irqrestore dma_omap16xx set_gdma_dev dma_write dma_write 
pr_err omap_disable_channel_irq dma_write spin_lock_irqsave spin_unlock_irqrestore 
local_irq_save clear_dma local_irq_restore 
dma_omap15xx dma_write dma_write omap_dma_in_1510_mode enable_lnk memset enable_lnk omap_enable_channel_irq IS_DMA_ERRATA dma_write omap_enable_channel_irq dma_read IS_DMA_ERRATA mb dma_write 
omap_disable_channel_irq dma_read IS_DMA_ERRATA dma_read DMA_SYSCONFIG_MIDLEMODE dma_write dma_read dma_write dma_read udelay dma_read pr_err dma_write dma_write mb omap_dma_in_1510_mode memset disable_lnk 
dma_omap15xx dma_read dma_read IS_DMA_ERRATA dma_read dma_omap15xx likely dma_read dma_read dma_read dma_read 
dma_omap15xx dma_read dma_read dma_omap15xx dma_read unlikely dma_read dma_read 
dma_read 
omap_lcd_dma_running dma_read 
dma_read unlikely pr_warn unlikely pr_warn unlikely pr_warn likely likely callback 
omap1_dma_handle_ch omap1_dma_handle_ch 
dev_err devm_kcalloc omap_clear_dma sprintf platform_get_irq_byname request_irq pr_info show_dma_caps 
platform_get_irq free_irq 
platform_driver_register 
platform_driver_unregister 
get_option 
class_to_shost spin_lock_irqsave snprintf spin_unlock_irqrestore 
scsi_sg_count scsi_bufflen 
le16_to_cpu TW_OP_OUT twa_aen_read_queue twa_aen_sync_time twa_aen_queue_event twa_aen_read_queue twa_free_request_id clear_bit 
memset memset memset cpu_to_le32 TW_CPU_TO_SGL TW_PRINTK twa_scsiop_execute_scsi TW_PRINTK twa_poll_response TW_PRINTK le16_to_cpu twa_aen_queue_event 
sprintf le16_to_cpu memset TW_SEV_OUT ktime_get_real_seconds strlen strlen memcpy strlen 
memset memset memset cpu_to_le32 TW_CPU_TO_SGL twa_scsiop_execute_scsi TW_PRINTK 
memset TW_OPSGL_IN TW_CPU_TO_SGL cpu_to_le32 cpu_to_le16 memset cpu_to_le16 cpu_to_le16 cpu_to_le16 ktime_get_real_seconds div_u64_rem twa_post_command_packet 
dma_alloc_coherent TW_PRINTK TW_PRINTK dma_free_coherent memset 
twa_initconnection TW_PRINTK twa_initconnection TW_PRINTK TW_PRINTK TW_PRINTK strlcpy 
file_inode iminor mutex_lock mutex_lock_interruptible copy_from_user dma_alloc_coherent copy_from_user spin_lock_irqsave twa_get_request_id twa_load_sgl memcpy twa_post_command_packet spin_unlock_irqrestore wait_event_timeout twa_reset_device_extension memcpy spin_lock_irqsave twa_free_request_id spin_unlock_irqrestore memcpy memcpy memcpy memcpy memcpy ktime_get ktime_after ktime_add_ms ktime_ms_delta copy_to_user dma_free_coherent mutex_unlock mutex_unlock 
capable iminor 
TW_PRINTK writel TW_CONTROL_REG_ADDR TW_PRINTK writel TW_CONTROL_REG_ADDR pci_write_config_word test_bit TW_PRINTK writel TW_CONTROL_REG_ADDR TW_PRINTK 
readl TW_STATUS_REG_ADDR readl TW_RESPONSE_QUEUE_REG_ADDR readl TW_STATUS_REG_ADDR 
readl TW_RESPONSE_QUEUE_REG_ADDR_LARGE msleep time_after msleep 
strlen le16_to_cpu memcpy 
dma_free_coherent dma_free_coherent kfree 
memset TW_OPSGL_IN cpu_to_le16 memset cpu_to_le16 cpu_to_le16 cpu_to_le16 TW_CPU_TO_SGL cpu_to_le32 twa_post_command_packet twa_poll_response 
memset TW_OPRES_IN cpu_to_le16 cpu_to_le32 cpu_to_le16 cpu_to_le16 cpu_to_le16 cpu_to_le16 twa_post_command_packet twa_poll_response TW_PRINTK le16_to_cpu le16_to_cpu le16_to_cpu le16_to_cpu le32_to_cpu 
twa_allocate_memory TW_PRINTK twa_allocate_memory TW_PRINTK kcalloc TW_PRINTK mutex_init init_waitqueue_head 
spin_lock readl TW_STATUS_REG_ADDR test_bit twa_check_bits twa_decode_bits TW_CLEAR_ALL_INTERRUPTS TW_CLEAR_HOST_INTERRUPT TW_CLEAR_ATTENTION_INTERRUPT test_and_set_bit twa_get_request_id twa_aen_read_queue twa_free_request_id clear_bit TW_MASK_COMMAND_INTERRUPT TW_PRINTK TW_CLEAR_ALL_INTERRUPTS twa_post_command_packet readl TW_RESPONSE_QUEUE_REG_ADDR TW_RESID_OUT twa_fill_sense twa_fill_sense TW_PRINTK TW_CLEAR_ALL_INTERRUPTS twa_aen_complete TW_PRINTK wake_up twa_scsiop_execute_scsi_complete scsi_sg_count le32_to_cpu scsi_bufflen scsi_set_resid scsi_bufflen twa_command_mapped scsi_dma_unmap scsi_done twa_free_request_id readl TW_STATUS_REG_ADDR twa_check_bits twa_decode_bits TW_CLEAR_ALL_INTERRUPTS spin_unlock IRQ_RETVAL 
TW_OP_OUT TW_REQ_LUN_IN TW_LUN_OUT TW_CPU_TO_SGL cpu_to_le32 TW_REQ_LUN_IN TW_LUN_OUT TW_SGL_OUT TW_SGL_OUT TW_CPU_TO_SGL cpu_to_le32 
twa_poll_status_gone readl TW_RESPONSE_QUEUE_REG_ADDR TW_RESID_OUT TW_PRINTK TW_OP_OUT twa_fill_sense twa_fill_sense 
readl TW_STATUS_REG_ADDR twa_check_bits twa_decode_bits readl TW_STATUS_REG_ADDR twa_check_bits twa_decode_bits time_after msleep 
readl TW_STATUS_REG_ADDR twa_check_bits twa_decode_bits readl TW_STATUS_REG_ADDR twa_check_bits twa_decode_bits time_after msleep 
writel TW_COMMAND_QUEUE_REG_ADDR_LARGE readl TW_STATUS_REG_ADDR twa_check_bits twa_decode_bits TW_UNMASK_COMMAND_INTERRUPT writel TW_COMMAND_QUEUE_REG_ADDR_LARGE writel TW_COMMAND_QUEUE_REG_ADDR writel TW_COMMAND_QUEUE_REG_ADDR writel TW_COMMAND_QUEUE_REG_ADDR 
set_bit TW_DISABLE_INTERRUPTS TW_MASK_COMMAND_INTERRUPT spin_lock_irqsave twa_command_mapped scsi_dma_unmap scsi_done spin_unlock_irqrestore twa_reset_sequence TW_ENABLE_AND_CLEAR_INTERRUPTS clear_bit 
TW_SOFT_RESET twa_empty_response_queue_large TW_PRINTK twa_poll_status TW_PRINTK twa_empty_response_queue TW_PRINTK twa_check_srl TW_PRINTK twa_aen_drain_queue TW_PRINTK 
sector_div sector_div 
sdev_printk mutex_lock twa_reset_device_extension TW_PRINTK mutex_unlock 
test_bit done twa_get_request_id twa_scsiop_execute_scsi twa_command_mapped scsi_dma_unmap twa_free_request_id twa_command_mapped scsi_dma_unmap done twa_free_request_id 
TW_OPRES_IN memcpy memcpy TW_REQ_LUN_IN TW_REQ_LUN_IN scsi_sg_count twa_command_mapped scsi_sg_copy_to_buffer TW_CPU_TO_SGL cpu_to_le32 scsi_dma_map TW_CPU_TO_SGL sg_dma_address cpu_to_le32 sg_dma_len TW_CPU_TO_SGL TW_PRINTK TW_REQ_LUN_IN scsi_sg_count TW_CPU_TO_SGL TW_PRINTK TW_REQ_LUN_IN scsi_sg_count twa_post_command_packet twa_post_command_packet 
twa_command_mapped scsi_sg_count scsi_sg_copy_from_buffer 
TW_DISABLE_INTERRUPTS free_irq twa_initconnection TW_PRINTK TW_CLEAR_ALL_INTERRUPTS 
pci_get_drvdata __twa_shutdown 
blk_queue_rq_timeout 
pci_enable_device TW_PRINTK pci_set_master pci_try_set_mwi dma_set_mask_and_coherent DMA_BIT_MASK dma_set_mask_and_coherent DMA_BIT_MASK TW_PRINTK scsi_host_alloc TW_PRINTK twa_initialize_device_extension TW_PRINTK pci_request_regions TW_PRINTK pci_resource_start pci_resource_len pci_resource_start pci_resource_len ioremap TW_PRINTK TW_DISABLE_INTERRUPTS twa_reset_sequence TW_MAX_LUNS scsi_add_host TW_PRINTK pci_set_drvdata pci_enable_msi set_bit request_irq TW_PRINTK TW_ENABLE_AND_CLEAR_INTERRUPTS scsi_scan_host register_chrdev TW_PRINTK test_bit pci_disable_msi scsi_remove_host iounmap pci_release_regions twa_free_device_extension scsi_host_put pci_disable_device 
pci_get_drvdata scsi_remove_host unregister_chrdev __twa_shutdown test_bit pci_disable_msi iounmap pci_release_regions twa_free_device_extension scsi_host_put pci_disable_device 
to_pci_dev pci_get_drvdata TW_DISABLE_INTERRUPTS free_irq test_bit pci_disable_msi twa_initconnection TW_PRINTK TW_CLEAR_ALL_INTERRUPTS 
to_pci_dev pci_get_drvdata pci_try_set_mwi dma_set_mask_and_coherent DMA_BIT_MASK dma_set_mask_and_coherent DMA_BIT_MASK TW_PRINTK twa_reset_sequence request_irq TW_PRINTK test_bit pci_enable_msi TW_ENABLE_AND_CLEAR_INTERRUPTS scsi_remove_host 
pci_register_driver 
pci_unregister_driver 
register_sysctl_init 
smp_load_acquire likely kmem_cache_alloc spin_lock_init INIT_LIST_HEAD INIT_LIST_HEAD INIT_LIST_HEAD cmpxchg kmem_cache_free smp_load_acquire trace_locks_get_lock_context 
pr_warn 
unlikely list_empty list_empty list_empty pr_warn MAJOR MINOR locks_dump_ctx_list locks_dump_ctx_list locks_dump_ctx_list 
locks_inode pr_warn MAJOR MINOR 
unlikely locks_check_ctx_lists kmem_cache_free 
INIT_HLIST_NODE INIT_LIST_HEAD INIT_LIST_HEAD INIT_LIST_HEAD init_waitqueue_head 
kmem_cache_zalloc locks_init_lock_heads 
BUG_ON waitqueue_active BUG_ON list_empty BUG_ON list_empty BUG_ON list_empty BUG_ON hlist_unhashed fl_release_private lm_put_owner 
spin_lock list_empty spin_unlock spin_unlock 
locks_release_private kmem_cache_free 
list_empty list_del_init locks_free_lock 
memset locks_init_lock_heads 
flock_translate_cmd ERR_PTR locks_alloc_lock ERR_PTR locks_init_lock 
i_size_read file_inode assign_type 
flock64_to_posix_lock 
kill_fasync 
fasync_insert_entry __f_setown task_pid 
assign_type 
locks_alloc_lock ERR_PTR lease_init locks_free_lock ERR_PTR 
this_cpu_ptr percpu_rwsem_assert_held spin_lock smp_processor_id hlist_add_head spin_unlock 
percpu_rwsem_assert_held hlist_unhashed per_cpu_ptr spin_lock hlist_del_init spin_unlock 
lockdep_assert_held hash_add posix_owner_key 
lockdep_assert_held hash_del 
locks_delete_global_blocked list_del_init 
list_empty __locks_delete_block lm_notify wake_up smp_store_release 
smp_load_acquire list_empty spin_lock __locks_wake_up_blocks __locks_delete_block smp_store_release spin_unlock 
BUG_ON list_empty conflict list_add_tail IS_POSIX IS_OFDLCK locks_insert_global_blocked __locks_wake_up_blocks 
spin_lock __locks_insert_block spin_unlock 
list_empty spin_lock __locks_wake_up_blocks spin_unlock 
list_add_tail locks_insert_global_locks 
locks_delete_global_locks list_del_init locks_wake_up_blocks 
locks_unlink_lock_ctx list_add locks_free_lock 
posix_same_owner locks_overlap locks_conflict 
locks_conflict 
locks_inode smp_load_acquire list_empty_careful spin_lock posix_locks_conflict lm_lock_expirable __module_get spin_unlock func module_put locks_copy_conflock spin_unlock 
posix_same_owner 
lockdep_assert_held IS_OFDLCK what_owner_is_waiting_for posix_same_owner 
LIST_HEAD locks_get_lock_context locks_alloc_lock percpu_down_read spin_lock locks_delete_lock_ctx flock_locks_conflict locks_insert_block locks_copy_lock locks_move_blocks locks_insert_lock_ctx spin_unlock percpu_up_read locks_free_lock locks_dispose_list trace_flock_lock_inode 
LIST_HEAD locks_get_lock_context locks_alloc_lock locks_alloc_lock percpu_down_read spin_lock posix_locks_conflict lm_lock_expirable __module_get spin_unlock percpu_up_read func module_put locks_copy_conflock spin_lock __locks_wake_up_blocks likely posix_locks_deadlock __locks_insert_block spin_unlock posix_same_owner posix_same_owner locks_delete_lock_ctx locks_delete_lock_ctx locks_copy_lock locks_move_blocks locks_insert_lock_ctx locks_delete_lock_ctx locks_copy_lock locks_move_blocks locks_insert_lock_ctx locks_copy_lock locks_insert_lock_ctx locks_wake_up_blocks locks_wake_up_blocks spin_unlock percpu_up_read locks_free_lock locks_free_lock locks_dispose_list trace_posix_lock_inode 
posix_lock_inode locks_inode 
might_sleep posix_lock_inode wait_event_interruptible list_empty locks_delete_block 
assign_type lease_clear_pending locks_wake_up_blocks f_delown fasync_helper locks_delete_lock_ctx 
time_after 
lockdep_assert_held trace_time_out_leases past_time lease_modify past_time lease_modify 
lm_breaker_owns_lease locks_conflict trace_leases_conflict 
lockdep_assert_held leases_conflict 
LIST_HEAD lease_alloc IS_ERR PTR_ERR smp_load_acquire WARN_ON_ONCE percpu_down_read spin_lock time_out_leases any_leases_conflict leases_conflict lease_breaking lm_break locks_delete_lock_ctx list_empty trace_break_lease_noblock locks_insert_block trace_break_lease_block spin_unlock percpu_up_read locks_dispose_list wait_event_interruptible_timeout list_empty percpu_down_read spin_lock trace_break_lease_unblock locks_delete_block time_out_leases any_leases_conflict spin_unlock percpu_up_read locks_dispose_list locks_free_lock 
smp_load_acquire list_empty_careful spin_lock spin_unlock current_time 
locks_inode LIST_HEAD smp_load_acquire list_empty_careful percpu_down_read spin_lock time_out_leases target_leasetype spin_unlock percpu_up_read locks_dispose_list 
locks_inode inode_is_open_for_write atomic_read atomic_read 
locks_inode LIST_HEAD trace_generic_add_lease locks_get_lock_context inode_trylock inode_unlock WARN_ON_ONCE percpu_down_read spin_lock time_out_leases check_conflicting_open lm_change locks_insert_lock_ctx smp_mb check_conflicting_open locks_unlink_lock_ctx lm_setup spin_unlock percpu_up_read locks_dispose_list inode_unlock 
locks_inode LIST_HEAD smp_load_acquire trace_generic_delete_lease percpu_down_read spin_lock trace_generic_delete_lease lm_change spin_unlock percpu_up_read locks_dispose_list 
locks_inode uid_eq current_fsuid capable S_ISREG security_file_lock generic_delete_lease WARN_ON_ONCE generic_add_lease 
srcu_init_notifier_head 
srcu_notifier_call_chain 
srcu_notifier_chain_register 
srcu_notifier_chain_unregister 
setlease_notifier setlease generic_setlease 
lease_alloc IS_ERR PTR_ERR fasync_alloc locks_free_lock locks_free_lock 
vfs_setlease do_fcntl_add_lease 
might_sleep flock_lock_inode wait_event_interruptible list_empty locks_delete_block 
posix_lock_inode_wait flock_lock_inode_wait BUG 
fdget pr_warn_once flock_make_lock IS_ERR PTR_ERR security_file_lock flock locks_lock_file_wait locks_free_lock fdput 
lock posix_test_lock 
IS_OFDLCK IS_REMOTELCK rcu_read_lock find_pid_ns pid_nr_ns rcu_read_unlock 
locks_translate_pid task_active_pid_ns 
locks_translate_pid task_active_pid_ns 
locks_alloc_lock flock_to_posix_lock vfs_test_lock posix_lock_to_flock locks_free_lock 
lock posix_lock_file 
security_file_lock vfs_lock_file wait_event_interruptible list_empty locks_delete_block 
locks_alloc_lock locks_inode flock_to_posix_lock check_fmode_for_setlk do_lock_file_wait spin_lock files_lookup_fd_locked spin_unlock do_lock_file_wait WARN_ON_ONCE trace_fcntl_setlk locks_free_lock 
locks_alloc_lock flock64_to_posix_lock vfs_test_lock posix_lock_to_flock64 locks_free_lock 
locks_alloc_lock flock64_to_posix_lock check_fmode_for_setlk do_lock_file_wait spin_lock files_lookup_fd_locked spin_unlock do_lock_file_wait WARN_ON_ONCE locks_free_lock 
locks_inode smp_load_acquire list_empty locks_init_lock vfs_lock_file fl_release_private trace_locks_remove_posix 
locks_inode list_empty flock_make_lock flock flock_lock_inode fl_release_private 
LIST_HEAD list_empty percpu_down_read spin_lock lease_modify spin_unlock percpu_up_read locks_dispose_list 
smp_load_acquire locks_inode locks_remove_posix locks_remove_flock locks_remove_lease spin_lock locks_check_ctx_file_list locks_check_ctx_file_list locks_check_ctx_file_list spin_unlock 
lock 
proc_pid_ns file_inode locks_translate_pid locks_inode seq_printf seq_printf strlen IS_POSIX seq_puts IS_OFDLCK seq_puts seq_puts seq_printf IS_FLOCK seq_puts IS_LEASE seq_puts seq_puts lease_breaking seq_puts seq_puts seq_puts seq_puts IS_LEASE target_leasetype seq_printf seq_printf MAJOR MINOR seq_printf IS_POSIX seq_printf seq_printf seq_puts 
list_next_entry list_entry_is_head 
proc_pid_ns file_inode locks_translate_pid lock_get_status lock_get_status list_empty get_next_blocked_member get_next_blocked_member 
seq_puts lock_get_status 
locks_inode smp_load_acquire spin_lock __show_fd_locks __show_fd_locks __show_fd_locks spin_unlock 
seq_hlist_next_percpu 
proc_create_seq_private 
kmem_cache_create kmem_cache_create per_cpu_ptr spin_lock_init INIT_HLIST_HEAD lease_notifier_chain_init 
